Godot Engine v4.7.2.stable.official.ed1daf0bf - https://godotengine.org

[   0% ] [90m[1mfirst_scan_filesystem[22m | Started Project initialization (5 steps)[39m[0m
[   0% ] [90m[1mfirst_scan_filesystem[22m | Scanning file structure...[39m[0m
[  16% ] [90m[1mfirst_scan_filesystem[22m | Loading global class names...[39m[0m
[  33% ] [90m[1mfirst_scan_filesystem[22m | Verifying GDExtensions...[39m[0m
[  50% ] [90m[1mfirst_scan_filesystem[22m | Creating autoload scripts...[39m[0m
[  66% ] [90m[1mfirst_scan_filesystem[22m | Initializing plugins...[39m[0m
[  83% ] [90m[1mfirst_scan_filesystem[22m | Starting file scan...[39m[0m
[92m[ DONE ][39m [1mfirst_scan_filesystem[22m
[0m
[   0% ] [90m[1msavepack[22m | Started Packing (102 steps)[39m[0m
[   1% ] [90m[1msavepack[22m | Storing File: res://.godot/imported/calibration-tone.wav-6fcb11a452adc5f14facec37f263ec1c.sample[39m[0m
[   1% ] [90m[1msavepack[22m | Storing File: res://assets/calibration-tone.wav.import[39m[0m
[   9% ] [90m[1msavepack[22m | Storing File: res://.godot/imported/calibration.png-becd74acf65122499728df6c823b5063.ctex[39m[0m
[   9% ] [90m[1msavepack[22m | Storing File: res://assets/calibration.png.import[39m[0m
[  17% ] [90m[1msavepack[22m | Storing File: res://.godot/exported/133200997/export-046e47c36375c21a638b7364e58b7d7c-default_movement.res[39m[0m
[  26% ] [90m[1msavepack[22m | Storing File: res://data/game_definition.json[39m[0m
[  33% ] [90m[1msavepack[22m | Storing File: res://scripts/player_controller.gdc[39m[0m
[  41% ] [90m[1msavepack[22m | Storing File: res://scripts/web_trial.gdc[39m[0m
[  50% ] [90m[1msavepack[22m | Storing File: res://.godot/exported/133200997/export-f8986d7017050b64b1e35b7574b1c8cc-movement_lab.scn[39m[0m
[  58% ] [90m[1msavepack[22m | Storing File: res://.godot/exported/133200997/export-234fb6894ec6226e856ab7f825500d3d-player.scn[39m[0m
[  66% ] [90m[1msavepack[22m | Storing File: res://.godot/exported/133200997/export-1b1000d82c8f1bde60dcc0422efbceee-web_trial.scn[39m[0m
[  74% ] [90m[1msavepack[22m | Storing File: res://scripts/input_setup.gdc[39m[0m
[  82% ] [90m[1msavepack[22m | Storing File: res://scripts/lab.gdc[39m[0m
[  90% ] [90m[1msavepack[22m | Storing File: res://scripts/movement_tuning.gdc[39m[0m
[  90% ] [90m[1msavepack[22m | Storing File: res://data/default_movement.tres.remap[39m[0m
[  90% ] [90m[1msavepack[22m | Storing File: res://scripts/player_controller.gd.remap[39m[0m
[  90% ] [90m[1msavepack[22m | Storing File: res://scripts/web_trial.gd.remap[39m[0m
[  90% ] [90m[1msavepack[22m | Storing File: res://scenes/movement_lab.tscn.remap[39m[0m
[  90% ] [90m[1msavepack[22m | Storing File: res://scenes/player.tscn.remap[39m[0m
[  90% ] [90m[1msavepack[22m | Storing File: res://scenes/web_trial.tscn.remap[39m[0m
[  90% ] [90m[1msavepack[22m | Storing File: res://scripts/input_setup.gd.remap[39m[0m
[  90% ] [90m[1msavepack[22m | Storing File: res://scripts/lab.gd.remap[39m[0m
[  90% ] [90m[1msavepack[22m | Storing File: res://scripts/movement_tuning.gd.remap[39m[0m
[  90% ] [90m[1msavepack[22m | Storing File: res://.godot/global_script_class_cache.cfg[39m[0m
[  90% ] [90m[1msavepack[22m | Storing File: res://.godot/uid_cache.bin[39m[0m
[  90% ] [90m[1msavepack[22m | Storing File: res://project.binary[39m[0m
[92m[ DONE ][39m [1msavepack[22m
[0m
